// Jest Snapshot v1, https://goo.gl/fbAQLP

exports[`Hygiene page matches snapshot 1`] = `
<DocumentFragment>
  <h1>
    Hygiene
  </h1>
</DocumentFragment>
`;
