// Jest Snapshot v1, https://goo.gl/fbAQLP

exports[`Ping page matches snapshot 1`] = `
<DocumentFragment>
  <h1>
    pong!
  </h1>
  <a
    href="/"
  >
    Home
  </a>
  <p>
    postgres
  </p>
</DocumentFragment>
`;
