// Jest Snapshot v1, https://goo.gl/fbAQLP

exports[`Sanitation page matches snapshot 1`] = `
<DocumentFragment>
  <h1>
    Sanitation
  </h1>
</DocumentFragment>
`;
