// Jest Snapshot v1, https://goo.gl/fbAQLP

exports[`Water page matches snapshot 1`] = `
<DocumentFragment>
  <h1>
    Water
  </h1>
</DocumentFragment>
`;
